** Drc report for board.kicad_pcb **
** Created on 2024-11-11T10:38:18+0100 **

** Found 18 DRC violations **
[via_dangling]: Via is not connected or connected on only one layer
    Local override; warning
    @(186.6200 mm, 80.3300 mm): Via [GND] on F.Cu - B.Cu
[via_dangling]: Via is not connected or connected on only one layer
    Local override; warning
    @(208.8000 mm, 79.4600 mm): Via [GND] on F.Cu - B.Cu
[malformed_courtyard]: Footprint has malformed courtyard (not a closed shape)
    Local override; error
    @(122.7000 mm, 127.4700 mm): Footprint U3
[malformed_courtyard]: Footprint has malformed courtyard (not a closed shape)
    Local override; error
    @(122.7000 mm, 127.4700 mm): Footprint U3
[silk_edge_clearance]: Silkscreen clipped by board edge
    Rule: board setup constraints silk; warning
    @(95.0000 mm, 31.8400 mm): Rectangle on Edge.Cuts
    @(235.1950 mm, 32.1900 mm): Reference 'RV1'
[lib_footprint_issues]: The current configuration does not include the library 'BOB-09056'.
    Local override; warning
    @(166.2300 mm, 87.3900 mm): Footprint U2
[lib_footprint_issues]: The current configuration does not include the library 'TFT'.
    Local override; warning
    @(122.7000 mm, 127.4700 mm): Footprint U3
[lib_footprint_issues]: The current configuration does not include the library 'TEENAY'.
    Local override; warning
    @(197.6500 mm, 87.0800 mm): Footprint U1
[text_height]: Text height out of range (board setup constraints silk text height min height 0.8000 mm; actual 0.7000 mm)
    Rule: board setup constraints silk text height; warning
    @(197.6500 mm, 85.8100 mm): Footprint Text 'MIMXRT1062' of U1
[text_height]: Text height out of range (board setup constraints silk text height min height 0.8000 mm; actual 0.7000 mm)
    Rule: board setup constraints silk text height; warning
    @(197.8300 mm, 84.5400 mm): Footprint Text 'DVJ6A' of U1
[starved_thermal]: Thermal relief connection to zone incomplete (layer B.Cu; 1 spokes connected to isolated island)
    Local override; error
    @(94.9900 mm, 31.8400 mm): Zone [GND] on B.Cu
    @(173.8500 mm, 96.2800 mm): PTH pad JP3-1 [GND] of U2
[starved_thermal]: Thermal relief connection to zone incomplete (layer F.Cu; 4 spokes connected to isolated island)
    Local override; error
    @(95.0000 mm, 31.8400 mm): Zone [/3V3] on F.Cu
    @(173.8500 mm, 93.7400 mm): PTH pad JP3-2 [/3V3] of U2
[silk_overlap]: Silkscreen overlap
    Rule: board setup constraints silk; warning
    @(235.2650 mm, 104.4200 mm): Reference 'RV5'
    @(237.9100 mm, 96.4700 mm): Circle on F.Silkscreen
[silk_overlap]: Silkscreen overlap
    Rule: board setup constraints silk; warning
    @(235.3250 mm, 69.1100 mm): Reference 'RV3'
    @(226.9600 mm, 69.1300 mm): Segment on F.Silkscreen
[silk_overlap]: Silkscreen overlap
    Rule: board setup constraints silk; warning
    @(235.3250 mm, 69.1100 mm): Reference 'RV3'
    @(237.8800 mm, 60.5600 mm): Circle on F.Silkscreen
[silk_overlap]: Silkscreen overlap
    Rule: board setup constraints silk; warning
    @(237.9600 mm, 78.8100 mm): Circle on F.Silkscreen
    @(235.2750 mm, 86.7700 mm): Reference 'RV4'
[silk_overlap]: Silkscreen overlap
    Rule: board setup constraints silk; warning
    @(235.2450 mm, 50.8600 mm): Reference 'RV2'
    @(226.9100 mm, 50.4600 mm): Segment on F.Silkscreen
[silk_overlap]: Silkscreen overlap
    Rule: board setup constraints silk; warning
    @(235.2450 mm, 50.8600 mm): Reference 'RV2'
    @(237.8300 mm, 41.8900 mm): Circle on F.Silkscreen

** Found 0 unconnected pads **

** Found 0 Footprint errors **

** End of Report **
