ERC report (2024-11-11T10:43:33+0100, Encoding UTF8)

***** Sheet /
[pin_not_connected]: Pin not connected
    ; error
    @(2000.00 mils, 4750.00 mils): Symbol U1 Pin 51 [3V3, Power input, Line]
[pin_not_connected]: Pin not connected
    ; error
    @(2200.00 mils, 6750.00 mils): Symbol U3 Pin 9 [MISO, Bidirectional, Line]
[power_pin_not_driven]: Input Power pin not driven by any Output Power pins
    ; error
    @(2100.00 mils, 6750.00 mils): Symbol U3 Pin 8 [LED, Power input, Line]
[lib_symbol_issues]: The current configuration does not include the library 'tft_320x240'
    ; warning
    @(2050.00 mils, 6650.00 mils): Symbol U3 [TFT_320x240]
[pin_not_connected]: Pin not connected
    ; error
    @(2150.00 mils, 4750.00 mils): Symbol U1 Pin 52 [GND, Input, Line]
[pin_not_connected]: Pin not connected
    ; error
    @(2450.00 mils, 4750.00 mils): Symbol U1 Pin 54 [ON_OFF, Input, Line]
[pin_not_connected]: Pin not connected
    ; error
    @(2300.00 mils, 4750.00 mils): Symbol U1 Pin 53 [PROGRAM, Input, Line]
[pin_not_driven]: Input pin not driven by any Output pins
    ; error
    @(2300.00 mils, 4750.00 mils): Symbol U1 Pin 53 [PROGRAM, Input, Line]
[pin_not_driven]: Input pin not driven by any Output pins
    ; error
    @(2450.00 mils, 4750.00 mils): Symbol U1 Pin 54 [ON_OFF, Input, Line]
[pin_not_connected]: Pin not connected
    ; error
    @(1850.00 mils, 4750.00 mils): Symbol U1 Pin 50 [VBAT, Power input, Line]
[pin_not_driven]: Input pin not driven by any Output pins
    ; error
    @(2150.00 mils, 4750.00 mils): Symbol U1 Pin 52 [GND, Input, Line]
[power_pin_not_driven]: Input Power pin not driven by any Output Power pins
    ; error
    @(2000.00 mils, 4750.00 mils): Symbol U1 Pin 51 [3V3, Power input, Line]
[power_pin_not_driven]: Input Power pin not driven by any Output Power pins
    ; error
    @(1850.00 mils, 4750.00 mils): Symbol U1 Pin 50 [VBAT, Power input, Line]
[pin_not_connected]: Pin not connected
    ; error
    @(3250.00 mils, 1150.00 mils): Symbol U1 Pin 49 [VUSB, Power output, Line]
[pin_not_connected]: Pin not connected
    ; error
    @(3250.00 mils, 2300.00 mils): Symbol U1 Pin 38 [16_A2_RX4_SCL1, Bidirectional, Line]
[pin_not_connected]: Pin not connected
    ; error
    @(3250.00 mils, 2200.00 mils): Symbol U1 Pin 39 [17_A3_TX4_SDA1, Bidirectional, Line]
[pin_not_connected]: Pin not connected
    ; error
    @(3250.00 mils, 2100.00 mils): Symbol U1 Pin 40 [18_A4_SDA, Bidirectional, Line]
[power_pin_not_driven]: Input Power pin not driven by any Output Power pins
    ; error
    @(3250.00 mils, 1300.00 mils): Symbol U1 Pin 48 [VIN, Power input, Line]
[power_pin_not_driven]: Input Power pin not driven by any Output Power pins
    ; error
    @(3550.00 mils, 1400.00 mils): Symbol #PWR01 Pin 1 [Power input, Line]
[pin_not_connected]: Pin not connected
    ; error
    @(1050.00 mils, 1400.00 mils): Symbol U1 Pin 2 [0_RX1_CRX2_CS1, Bidirectional, Line]
[pin_not_connected]: Pin not connected
    ; error
    @(1050.00 mils, 1500.00 mils): Symbol U1 Pin 3 [1_TX1_CTX2_MISO1, Bidirectional, Line]
[pin_not_connected]: Pin not connected
    ; error
    @(3250.00 mils, 2500.00 mils): Symbol U1 Pin 36 [14_A0_TX3_SPDIF_OUT, Bidirectional, Line]
[pin_not_connected]: Pin not connected
    ; error
    @(3250.00 mils, 2400.00 mils): Symbol U1 Pin 37 [15_A1_RX3_SPDIF_IN, Bidirectional, Line]
[pin_not_connected]: Pin not connected
    ; error
    @(3250.00 mils, 2900.00 mils): Symbol U1 Pin 32 [40_A16, Bidirectional, Line]
[pin_not_connected]: Pin not connected
    ; error
    @(3250.00 mils, 2700.00 mils): Symbol U1 Pin 34 [GND, Power input, Line]
[pin_not_connected]: Pin not connected
    ; error
    @(3250.00 mils, 2800.00 mils): Symbol U1 Pin 33 [41_A17, Bidirectional, Line]
[power_pin_not_driven]: Input Power pin not driven by any Output Power pins
    ; error
    @(3250.00 mils, 2700.00 mils): Symbol U1 Pin 34 [GND, Power input, Line]
[pin_not_connected]: Pin not connected
    ; error
    @(1050.00 mils, 2200.00 mils): Symbol U1 Pin 10 [8_TX2_IN1, Bidirectional, Line]
[pin_not_connected]: Pin not connected
    ; error
    @(1050.00 mils, 2800.00 mils): Symbol U1 Pin 16 [24_A10_TX6_SCL2, Bidirectional, Line]
[pin_not_connected]: Pin not connected
    ; error
    @(1050.00 mils, 2900.00 mils): Symbol U1 Pin 17 [25_A11_RX6_SDA2, Bidirectional, Line]
[pin_not_connected]: Pin not connected
    ; error
    @(1050.00 mils, 2700.00 mils): Symbol U1 Pin 15 [3V3, Power input, Line]
[pin_not_connected]: Pin not connected
    ; error
    @(1050.00 mils, 2400.00 mils): Symbol U1 Pin 12 [10_CS_MQSR, Bidirectional, Line]
[pin_not_connected]: Pin not connected
    ; error
    @(1050.00 mils, 2300.00 mils): Symbol U1 Pin 11 [9_OUT1C, Bidirectional, Line]
[power_pin_not_driven]: Input Power pin not driven by any Output Power pins
    ; error
    @(1050.00 mils, 2700.00 mils): Symbol U1 Pin 15 [3V3, Power input, Line]
[power_pin_not_driven]: Input Power pin not driven by any Output Power pins
    ; error
    @(5350.00 mils, 1450.00 mils): Symbol U2 Pin JP3-2 [VCC, Power input, Line]
[lib_symbol_issues]: The current configuration does not include the library 'BOB-09056'
    ; warning
    @(4850.00 mils, 2350.00 mils): Symbol U2 [BOB-09056]
[pin_not_connected]: Pin not connected
    ; error
    @(4350.00 mils, 2450.00 mils): Symbol U2 Pin JP1-9 [C8, Input, Line]
[pin_not_connected]: Pin not connected
    ; error
    @(4350.00 mils, 2550.00 mils): Symbol U2 Pin JP1-10 [C9, Input, Line]
[pin_not_connected]: Pin not connected
    ; error
    @(4350.00 mils, 2750.00 mils): Symbol U2 Pin JP1-12 [C11, Input, Line]
[pin_not_connected]: Pin not connected
    ; error
    @(4350.00 mils, 2650.00 mils): Symbol U2 Pin JP1-11 [C10, Input, Line]
[pin_not_driven]: Input pin not driven by any Output pins
    ; error
    @(4350.00 mils, 2650.00 mils): Symbol U2 Pin JP1-11 [C10, Input, Line]
[pin_not_driven]: Input pin not driven by any Output pins
    ; error
    @(4350.00 mils, 2750.00 mils): Symbol U2 Pin JP1-12 [C11, Input, Line]
[pin_not_driven]: Input pin not driven by any Output pins
    ; error
    @(4350.00 mils, 2550.00 mils): Symbol U2 Pin JP1-10 [C9, Input, Line]
[pin_not_driven]: Input pin not driven by any Output pins
    ; error
    @(4350.00 mils, 2450.00 mils): Symbol U2 Pin JP1-9 [C8, Input, Line]
[pin_not_connected]: Pin not connected
    ; error
    @(4350.00 mils, 3050.00 mils): Symbol U2 Pin JP1-15 [C14, Input, Line]
[pin_not_connected]: Pin not connected
    ; error
    @(4350.00 mils, 3150.00 mils): Symbol U2 Pin JP1-16 [C15, Input, Line]
[pin_not_connected]: Pin not connected
    ; error
    @(4350.00 mils, 2850.00 mils): Symbol U2 Pin JP1-13 [C12, Input, Line]
[pin_not_connected]: Pin not connected
    ; error
    @(4350.00 mils, 2950.00 mils): Symbol U2 Pin JP1-14 [C13, Input, Line]
[pin_not_driven]: Input pin not driven by any Output pins
    ; error
    @(4350.00 mils, 2950.00 mils): Symbol U2 Pin JP1-14 [C13, Input, Line]
[pin_not_driven]: Input pin not driven by any Output pins
    ; error
    @(4350.00 mils, 2850.00 mils): Symbol U2 Pin JP1-13 [C12, Input, Line]
[pin_not_driven]: Input pin not driven by any Output pins
    ; error
    @(4350.00 mils, 3150.00 mils): Symbol U2 Pin JP1-16 [C15, Input, Line]
[pin_not_driven]: Input pin not driven by any Output pins
    ; error
    @(4350.00 mils, 3050.00 mils): Symbol U2 Pin JP1-15 [C14, Input, Line]
[pin_not_connected]: Pin not connected
    ; error
    @(3250.00 mils, 3100.00 mils): Symbol U1 Pin 30 [38_CS1_IN1, Bidirectional, Line]
[pin_not_connected]: Pin not connected
    ; error
    @(1050.00 mils, 3200.00 mils): Symbol U1 Pin 20 [28_RX7, Bidirectional, Line]
[pin_not_connected]: Pin not connected
    ; error
    @(1050.00 mils, 3100.00 mils): Symbol U1 Pin 19 [27_A13_SCK1, Bidirectional, Line]
[lib_symbol_issues]: The current configuration does not include the library 'teensy'
    ; warning
    @(2150.00 mils, 3450.00 mils): Symbol U1 [Teensy4.1]
[pin_not_connected]: Pin not connected
    ; error
    @(3250.00 mils, 4150.00 mils): Symbol U1 Pin 62 [T-, Bidirectional, Line]
[pin_not_connected]: Pin not connected
    ; error
    @(1050.00 mils, 4450.00 mils): Symbol U1 Pin 59 [GND, Power input, Line]
[pin_not_connected]: Pin not connected
    ; error
    @(1050.00 mils, 4150.00 mils): Symbol U1 Pin 56 [D-, Bidirectional, Line]
[pin_not_connected]: Pin not connected
    ; error
    @(1050.00 mils, 4350.00 mils): Symbol U1 Pin 58 [GND, Power input, Line]
[pin_not_connected]: Pin not connected
    ; error
    @(1050.00 mils, 4250.00 mils): Symbol U1 Pin 57 [D+, Bidirectional, Line]
[power_pin_not_driven]: Input Power pin not driven by any Output Power pins
    ; error
    @(1050.00 mils, 4350.00 mils): Symbol U1 Pin 58 [GND, Power input, Line]
[power_pin_not_driven]: Input Power pin not driven by any Output Power pins
    ; error
    @(1050.00 mils, 4450.00 mils): Symbol U1 Pin 59 [GND, Power input, Line]
[pin_not_connected]: Pin not connected
    ; error
    @(3250.00 mils, 4350.00 mils): Symbol U1 Pin 60 [R+, Bidirectional, Line]
[pin_not_connected]: Pin not connected
    ; error
    @(3250.00 mils, 4050.00 mils): Symbol U1 Pin 63 [T+, Bidirectional, Line]
[pin_not_connected]: Pin not connected
    ; error
    @(3250.00 mils, 3850.00 mils): Symbol U1 Pin 65 [R-, Bidirectional, Line]
[pin_not_connected]: Pin not connected
    ; error
    @(3250.00 mils, 4250.00 mils): Symbol U1 Pin 61 [LED, Bidirectional, Line]
[pin_not_connected]: Pin not connected
    ; error
    @(3250.00 mils, 3950.00 mils): Symbol U1 Pin 64 [GND, Power input, Line]
[power_pin_not_driven]: Input Power pin not driven by any Output Power pins
    ; error
    @(3250.00 mils, 3950.00 mils): Symbol U1 Pin 64 [GND, Power input, Line]
[pin_not_connected]: Pin not connected
    ; error
    @(1050.00 mils, 2100.00 mils): Symbol U1 Pin 9 [7_RX2_OUT1A, Bidirectional, Line]
[pin_not_connected]: Pin not connected
    ; error
    @(1050.00 mils, 3900.00 mils): Symbol U1 Pin 67 [D+, Bidirectional, Line]
[pin_not_connected]: Pin not connected
    ; error
    @(1050.00 mils, 2000.00 mils): Symbol U1 Pin 8 [6_OUT1D, Bidirectional, Line]
[pin_not_connected]: Pin not connected
    ; error
    @(1050.00 mils, 3000.00 mils): Symbol U1 Pin 18 [26_A12_MOSI1, Bidirectional, Line]
[pin_not_connected]: Pin not connected
    ; error
    @(1050.00 mils, 4050.00 mils): Symbol U1 Pin 55 [5V, Power output, Line]
[pin_not_connected]: Pin not connected
    ; error
    @(3250.00 mils, 3000.00 mils): Symbol U1 Pin 31 [39_MISO1_OUT1A, Bidirectional, Line]
[pin_not_connected]: Pin not connected
    ; error
    @(3250.00 mils, 3600.00 mils): Symbol U1 Pin 25 [33_MCLK2, Bidirectional, Line]
[pin_not_connected]: Pin not connected
    ; error
    @(3250.00 mils, 3200.00 mils): Symbol U1 Pin 29 [37_CS, Bidirectional, Line]
[pin_not_connected]: Pin not connected
    ; error
    @(3250.00 mils, 3300.00 mils): Symbol U1 Pin 28 [36_CS, Bidirectional, Line]
[pin_not_connected]: Pin not connected
    ; error
    @(3250.00 mils, 3400.00 mils): Symbol U1 Pin 27 [35_TX8, Bidirectional, Line]
[pin_not_connected]: Pin not connected
    ; error
    @(3250.00 mils, 3500.00 mils): Symbol U1 Pin 26 [34_RX8, Bidirectional, Line]
[pin_not_connected]: Pin not connected
    ; error
    @(1050.00 mils, 3800.00 mils): Symbol U1 Pin 66 [D-, Bidirectional, Line]
[pin_not_connected]: Pin not connected
    ; error
    @(1050.00 mils, 3400.00 mils): Symbol U1 Pin 22 [30_CRX3, Bidirectional, Line]
[pin_not_connected]: Pin not connected
    ; error
    @(1050.00 mils, 3500.00 mils): Symbol U1 Pin 23 [31_CTX3, Bidirectional, Line]
[pin_not_connected]: Pin not connected
    ; error
    @(1050.00 mils, 3300.00 mils): Symbol U1 Pin 21 [29_TX7, Bidirectional, Line]
[pin_not_connected]: Pin not connected
    ; error
    @(1050.00 mils, 3600.00 mils): Symbol U1 Pin 24 [32_OUT1B, Bidirectional, Line]

 ** ERC messages: 85  Errors 82  Warnings 3
